// Jest Snapshot v1, https://goo.gl/fbAQLP

exports[`2. changes importantFunc invocations from ordinal to object - params as references 1`] = `
"
importantFunc(a,b,c)

      ↓ ↓ ↓ ↓ ↓ ↓

importantFunc({
  name: a,
  age: b,
  location: c
});
"
`;

exports[`3. changes importantFunc invocations from ordinal to object - params as literals 1`] = `
"
importantFunc(\\"mike\\", 32, \\"mpls\\")

      ↓ ↓ ↓ ↓ ↓ ↓

importantFunc({
  name: \\"mike\\",
  age: 32,
  location: \\"mpls\\"
});
"
`;
